// Jest Snapshot v1, https://goo.gl/fbAQLP

exports[`renders snapshot 1 1`] = `
<div
  className="rounded-3xl mx-5 my-3 mx-auto md:mx-4"
  onMouseEnter={[Function]}
  onMouseLeave={[Function]}
>
  <div
    className="shadow-lg rounded-3xl max-w-xs overflow sm:self-center sm:mx-auto"
  >
    <div
      className="relative"
    >
      <span
        className="absolute inline-block pr-4 pl-6 py-2 font-bold md:pr-2 md:pl-3 md:py-1 lg:pl-6 lg-pr-4 lg:py-2 bg-blue-700 right-0 text-white rounded-l-3xl mt-8 md:mt-4 lg:mt-8"
      >
        Found
      </span>
      <img
        alt="asd image"
        className="opacity-50 cursor-pointer"
        width={300}
      />
    </div>
    <div
      className="px-6 py-4"
    >
      <div
        className="font-bold text-xl mb-2"
      >
        asd
      </div>
      <p
        className="text-base font-light"
      >
        Lost sice: undefined
      </p>
    </div>
  </div>
</div>
`;
